// Jest Snapshot v1, https://goo.gl/fbAQLP

exports[`Pruebas en <FirstApp/> debe hacer match con el snapshot 1`] = `
<div>
  <h1
    data-testid="test-title"
  >
    Ola camaron
  </h1>
  <p>
    subtitulo1
  </p>
  <p>
    subtitulo1
  </p>
  <p>
    Rodrigo Molina
  </p>
</div>
`;
