// Jest Snapshot v1, https://goo.gl/fbAQLP

exports[`Pruebas en <FirstApp/> Debe de hacer match con el snapshot 1`] = `
<div>
  <h1>
    Ola no camaron
  </h1>
  <p>
    123
  </p>
  <p>
    Rodrigo Molina
  </p>
</div>
`;
